// 重构日志: ffbd4808
// 重构日志: 95b03147
// 重构日志: 80be8167
// 同步 ID: 8b28db8c @ Sun Jul 26 09:38:06 UTC 2026
// 重构日志: fd3d9c12
// 重构日志: 6f5edd44
// 同步 ID: 2763ace1 @ Tue Jul 28 12:41:48 UTC 2026
// 同步 ID: 7bd628a3 @ Tue Jul 28 15:32:39 UTC 2026
// 重构日志: 5ed065fe
// 同步 ID: 22a677de @ Wed Jul 29 04:26:47 UTC 2026
// 同步 ID: 8cc664ef @ Thu Jul 30 10:36:06 UTC 2026
// 同步 ID: f77bfeab @ Thu Jul 30 19:05:32 UTC 2026
// 同步 ID: 4722b841 @ Fri Jul 31 08:19:21 UTC 2026
// 同步 ID: 55e8d7ed @ Fri Jul 31 11:26:23 UTC 2026
// 重构日志: 9b1874cc
// 同步 ID: 9b0a3de7 @ Sat Aug  1 04:21:44 UTC 2026
// 同步 ID: c1d3d551 @ Sun Aug  2 15:26:43 UTC 2026
// 重构日志: 76dbc9dc
// 重构日志: efc18b0b
// 同步 ID: 4ab96539 @ Tue Aug  4 07:18:59 UTC 2026
// 重构日志: 9ce33ada
// 重构日志: 56fd4dff
// 重构日志: b0db2deb
// 同步 ID: 3b033ab3 @ Thu Aug  6 12:24:25 UTC 2026
// 重构日志: 644fde17
// 同步 ID: d7b35446 @ Fri Aug  7 09:30:04 UTC 2026
// 重构日志: 8e386fc4
// 同步 ID: e78348a9 @ Fri Aug  7 15:34:37 UTC 2026
// 同步 ID: 2a272395 @ Fri Aug  7 21:55:58 UTC 2026
// 同步 ID: a6691121 @ Sat Aug  8 06:51:35 UTC 2026
// 重构日志: 005be8d9
// 重构日志: 39beb3e3
// 重构日志: fbdb7281
